\BOOKMARK [1][-]{section.1}{\376\377\000I\000n\000t\000r\000o\000d\000u\000c\000t\000i\000o\000n}{}% 1
\BOOKMARK [1][-]{section.2}{\376\377\000R\000e\000l\000a\000t\000e\000d\000\040\000W\000o\000r\000k\000s}{}% 2
\BOOKMARK [1][-]{section.3}{\376\377\000E\000x\000p\000e\000r\000i\000m\000e\000n\000t\000s}{}% 3
\BOOKMARK [2][-]{subsection.3.1}{\376\377\000F\000e\000y\000n\000m\000a\000n\000\040\000S\000a\000m\000p\000l\000e\000-\000E\000f\000f\000i\000c\000i\000e\000n\000c\000y\000\040\000B\000e\000n\000c\000h\000m\000a\000r\000k}{section.3}% 4
\BOOKMARK [2][-]{subsection.3.2}{\376\377\000R\000L\000\040\000G\000y\000m\000n\000a\000s\000i\000u\000m\000\040\000B\000e\000n\000c\000h\000m\000a\000r\000k}{section.3}% 5
\BOOKMARK [2][-]{subsection.3.3}{\376\377\000R\000L\000\040\000G\000y\000m\000n\000a\000s\000i\000u\000m\000\040\000B\000e\000n\000c\000h\000m\000a\000r\000k\000\040\000W\000i\000t\000h\000\040\000N\000o\000i\000s\000e\000d\000\040\000R\000e\000w\000a\000r\000d\000s}{section.3}% 6
\BOOKMARK [2][-]{subsection.3.4}{\376\377\000C\000o\000m\000p\000a\000r\000i\000s\000o\000n\000\040\000a\000n\000d\000\040\000S\000a\000m\000p\000l\000e\000-\000E\000f\000f\000i\000c\000i\000e\000n\000c\000y\000\040\000A\000s\000s\000e\000s\000s\000m\000e\000n\000t}{section.3}% 7
\BOOKMARK [1][-]{section.4}{\376\377\000R\000e\000s\000u\000l\000t\000s}{}% 8
\BOOKMARK [1][-]{section.5}{\376\377\000D\000i\000s\000c\000u\000s\000s\000i\000o\000n}{}% 9
\BOOKMARK [1][-]{appendix.A}{\376\377\000E\000x\000p\000e\000r\000i\000m\000e\000n\000t\000\040\000S\000e\000t\000u\000p\000\040\000D\000e\000t\000a\000i\000l\000s}{}% 10
\BOOKMARK [2][-]{subsection.A.1}{\376\377\000F\000e\000y\000n\000m\000a\000n\000\040\000B\000e\000n\000c\000h\000m\000a\000r\000k\000\040\000D\000e\000t\000a\000i\000l\000s}{appendix.A}% 11
\BOOKMARK [3][-]{subsubsection.A.1.1}{\376\377\000D\000a\000t\000a\000s\000e\000t\000\040\000C\000o\000n\000s\000t\000r\000u\000c\000t\000i\000o\000n}{subsection.A.1}% 12
\BOOKMARK [3][-]{subsubsection.A.1.2}{\376\377\000S\000a\000m\000p\000l\000e\000-\000E\000f\000f\000i\000c\000i\000e\000n\000c\000y\000\040\000P\000r\000o\000t\000o\000c\000o\000l}{subsection.A.1}% 13
\BOOKMARK [3][-]{subsubsection.A.1.3}{\376\377\000M\000o\000d\000e\000l\000\040\000C\000o\000m\000p\000a\000r\000i\000s\000o\000n\000s}{subsection.A.1}% 14
\BOOKMARK [3][-]{subsubsection.A.1.4}{\376\377\000K\000A\000N\000\040\000I\000m\000p\000l\000e\000m\000e\000n\000t\000a\000t\000i\000o\000n\000s}{subsection.A.1}% 15
\BOOKMARK [3][-]{subsubsection.A.1.5}{\376\377\000M\000e\000t\000r\000i\000c\000s}{subsection.A.1}% 16
\BOOKMARK [3][-]{subsubsection.A.1.6}{\376\377\000A\000g\000g\000r\000e\000g\000a\000t\000e\000\040\000R\000e\000p\000o\000r\000t\000i\000n\000g}{subsection.A.1}% 17
\BOOKMARK [2][-]{subsection.A.2}{\376\377\000R\000L\000\040\000G\000y\000m\000n\000a\000s\000i\000u\000m\000\040\000B\000e\000n\000c\000h\000m\000a\000r\000k\000\040\000D\000e\000t\000a\000i\000l\000s}{appendix.A}% 18
\BOOKMARK [3][-]{subsubsection.A.2.1}{\376\377\000B\000e\000n\000c\000h\000m\000a\000r\000k\000\040\000a\000n\000d\000\040\000A\000g\000e\000n\000t\000s}{subsection.A.2}% 19
\BOOKMARK [3][-]{subsubsection.A.2.2}{\376\377\000M\000o\000d\000e\000l\000\040\000S\000w\000e\000e\000p}{subsection.A.2}% 20
\BOOKMARK [3][-]{subsubsection.A.2.3}{\376\377\000P\000P\000O\000\040\000T\000r\000a\000i\000n\000i\000n\000g\000\040\000a\000n\000d\000\040\000E\000v\000a\000l\000u\000a\000t\000i\000o\000n}{subsection.A.2}% 21
\BOOKMARK [2][-]{subsection.A.3}{\376\377\000R\000L\000\040\000G\000y\000m\000n\000a\000s\000i\000u\000m\000\040\000N\000o\000i\000s\000e\000\040\000B\000e\000n\000c\000h\000m\000a\000r\000k\000\040\000D\000e\000t\000a\000i\000l\000s}{appendix.A}% 22
\BOOKMARK [3][-]{subsubsection.A.3.1}{\376\377\000R\000e\000w\000a\000r\000d\000\040\000P\000e\000r\000t\000u\000r\000b\000a\000t\000i\000o\000n}{subsection.A.3}% 23
\BOOKMARK [3][-]{subsubsection.A.3.2}{\376\377\000N\000o\000i\000s\000y\000-\000R\000e\000w\000a\000r\000d\000\040\000L\000o\000g\000g\000i\000n\000g}{subsection.A.3}% 24
\BOOKMARK [1][-]{appendix.B}{\376\377\000D\000e\000t\000a\000i\000l\000e\000d\000\040\000R\000e\000s\000u\000l\000t\000s}{}% 25
